  Determining projects to restore...
  All projects are up-to-date for restore.
  Noltrion.Framework.Shared -> E:\Gobi\Pro\FleetX\Noltrion.Fleet.Platform\backend\Noltrion.Framework.Shared\bin\Debug\net10.0\Noltrion.Framework.Shared.dll
E:\Gobi\Pro\FleetX\Noltrion.Fleet.Platform\backend\Noltrion.Framework.Domain\Entities\RefreshToken.cs(24,21): warning CS0108: 'RefreshToken.IsActive' hides inherited member 'BaseEntity.IsActive'. Use the new keyword if hiding was intended. [E:\Gobi\Pro\FleetX\Noltrion.Fleet.Platform\backend\Noltrion.Framework.Domain\Noltrion.Framework.Domain.csproj]
E:\Gobi\Pro\FleetX\Noltrion.Fleet.Platform\backend\Noltrion.Framework.Domain\Entities\User.cs(30,26): error CS0102: The type 'User' already contains a definition for 'LastLogin' [E:\Gobi\Pro\FleetX\Noltrion.Fleet.Platform\backend\Noltrion.Framework.Domain\Noltrion.Framework.Domain.csproj]

Build FAILED.

E:\Gobi\Pro\FleetX\Noltrion.Fleet.Platform\backend\Noltrion.Framework.Domain\Entities\RefreshToken.cs(24,21): warning CS0108: 'RefreshToken.IsActive' hides inherited member 'BaseEntity.IsActive'. Use the new keyword if hiding was intended. [E:\Gobi\Pro\FleetX\Noltrion.Fleet.Platform\backend\Noltrion.Framework.Domain\Noltrion.Framework.Domain.csproj]
E:\Gobi\Pro\FleetX\Noltrion.Fleet.Platform\backend\Noltrion.Framework.Domain\Entities\User.cs(30,26): error CS0102: The type 'User' already contains a definition for 'LastLogin' [E:\Gobi\Pro\FleetX\Noltrion.Fleet.Platform\backend\Noltrion.Framework.Domain\Noltrion.Framework.Domain.csproj]
    1 Warning(s)
    1 Error(s)

Time Elapsed 00:00:03.30
