E:\Gobi\Pro\FleetX\Noltrion.Fleet.Platform\backend\Noltrion.FleetX.Infrastructure\Services\Web\OrganizationService.cs(112,36): error CS1503: Argument 1: cannot convert from 'Noltrion.FleetX.Domain.Entities.Organization' to 'System.Guid' [E:\Gobi\Pro\FleetX\Noltrion.Fleet.Platform\backend\Noltrion.FleetX.Infrastructure\Noltrion.FleetX.Infrastructure.csproj]
E:\Gobi\Pro\FleetX\Noltrion.Fleet.Platform\backend\Noltrion.FleetX.Infrastructure\Services\Web\CustomerService.cs(80,40): error CS1503: Argument 1: cannot convert from 'Noltrion.FleetX.Domain.Entities.Customer' to 'System.Guid' [E:\Gobi\Pro\FleetX\Noltrion.Fleet.Platform\backend\Noltrion.FleetX.Infrastructure\Noltrion.FleetX.Infrastructure.csproj]

Build FAILED.
    2 Warning(s)
    2 Error(s)

Time Elapsed 00:00:10.31
